;
; Название проекта
Demo ctl

; Размер поля self.DIM_X self.DIM_Y
500 500

; Ширина и высота окна отображения поля self.MAX_SCR_X self.MAX_SCR_Y
600 600

; Флаг режима топологии тора self.UseTorusRegime
True

; Частота процесса self.Rate
200
;
; Описание элементов
; Формат: ![<строка сиволов-маркеров>, <слой>, <значение>, <флаг вывода текстовой надписи>]
;
; Препятствия
!["#", "gdic.LEVEL_GROUND", "1", False]

; Пятна
!["*", "gdic.LEVEL_LIGHT",  "1", False]

; Пища
!["&", "gdic.LEVEL_COLOR",  "10", True]

; "Мины"
!["X", "gdic.LEVEL_COLOR",  "100", False]

;
; Роботы:
;
; ^ -- угол = 90
; v -- угол = 270
; < -- угол = 180
; > -- угол = 0
;

; Множители
1 1
; Поле
..................................................
..................................................
......................&..&.....&..................
..................................................
.....................&.........&...&..............
..................................................
.........................&....&...................
..................................................
..................................................
........................*.........................
..................................................
..................................................
..........................XXXX....................
..............................XXXX................
..................................................
..................................................
.........................*..*.....................
..................................................
..................................................
.....................*............................
......................................###.........
..........................*.......................
..................................................
................................*.................
..................................................
..................................................
..........####################....................
..................................................
..................................................
.............................*....................
.....................*********....................
.......................& & &......................
..................................................
..................................................
..................................................
...XXXXXXXXXXXX...................................
...XXXXXXXXXXXX...................................
...........................*......................
.......................v..........................
..................................................
..................................................
...........X.....XXXXX......>........>.....XXX....
...........X.................................XXX..
...........X.....................................
.....................^............................
..................................................
........XXXXXXXXXXXXXXXXXXXXXXXXXXXXXxX...........
..........^^^^^^^^^^^^^^^^^^^^^^^^^^..............
..................................................
..................................................
........XXXXXXXXXXXXXXXXXXXXXXXXXXXXXxX...........
..................................................
..................................................
