;
; Название проекта
Demo ctl

; Размер поля self.DIM_X self.DIM_Y
100 100

; Ширина и высота окна отображения поля self.MAX_SCR_X self.MAX_SCR_Y
600 600

; Флаг режима топологии тора self.UseTorusRegime
True

; Частота процесса self.Rate
200
;
; Описание элементов
; Формат: ![<строка сиволов-маркеров>, <слой>, <значение>, <флаг вывода текстовой надписи>]
;
; Препятствия
!["#", "gdic.LEVEL_GROUND", "1", False]

; Пятна
!["*", "gdic.LEVEL_LIGHT",  "1", False]

; Пища
!["&", "gdic.LEVEL_COLOR",  "10", True]

; ИК
!["1", "gdic.LEVEL_IR",  "1", True]
!["2", "gdic.LEVEL_IR",  "2", True]
!["3", "gdic.LEVEL_IR",  "3", True]

;
; Роботы:
;
; ^ -- угол = 90
; v -- угол = 270
; < -- угол = 180
; > -- угол = 0
;

; Множители
1 1
; Поле
..................................................
..................................................
..................................................
..................................................
..................................................
..................................................
..................................................
..................................................
..................................................
..................................................
..................................................
..................................................
..................................................
..................................................
..................................................
..................................................
..................................................
..................................................
..................................................
..................................................
..................................................
..................................................
.................##..##...........................
.........................**.&.....................
..................................................
.................1......^.....3...................
..................................................
........................2.........................
..................................................
..................................................
..................................................
..................................................

